[ 2026-02-14 00:55:52,899 ] 224 werkzeug - WARNING -  * Debugger is active!
[ 2026-02-14 00:55:52,909 ] 224 werkzeug - INFO -  * Debugger PIN: 897-833-847
[ 2026-02-14 00:56:08,307 ] 109 root - INFO - Entered initiate_data_ingestion method of Data_Ingestion class
[ 2026-02-14 00:56:08,307 ] 28 root - INFO - Copying local CSV files into raw data folder
[ 2026-02-14 00:56:08,310 ] 42 root - INFO - Local files copied successfully
[ 2026-02-14 00:56:08,310 ] 114 root - INFO - Got the data from mongodb
[ 2026-02-14 00:56:08,310 ] 116 root - INFO - Exited initiate_data_ingestion method of Data_Ingestion class
[ 2026-02-14 00:56:08,310 ] 283 root - INFO - Entered initiate_data_validation method of Data_Validation class
[ 2026-02-14 00:56:08,310 ] 286 root - INFO - Initiated data validation for the dataset
[ 2026-02-14 00:56:08,312 ] 79 root - INFO - Entered initiate_data_transformation method of Data_Transformation class
[ 2026-02-14 00:56:08,350 ] 108 root - INFO - Unwanted spaces removal Successful.Exited the remove_unwanted_spaces method of the Preprocessor class
[ 2026-02-14 00:56:08,418 ] 41 root - INFO - Entered the save_object method of MainUtils class
[ 2026-02-14 00:56:08,418 ] 47 root - INFO - Exited the save_object method of MainUtils class
[ 2026-02-14 00:56:08,419 ] 167 root - INFO - Splitting training and testing input and target feature
[ 2026-02-14 00:56:08,419 ] 169 root - INFO - Extracting model config file path
[ 2026-02-14 00:56:08,419 ] 56 root - INFO - Entered the load_object method of MainUtils class
[ 2026-02-14 00:56:08,419 ] 62 root - INFO - Exited the load_object method of MainUtils class
[ 2026-02-14 00:56:08,419 ] 173 root - INFO - Extracting model config file path
[ 2026-02-14 00:57:03,638 ] 208 root - INFO - Best found model on both training and testing dataset
[ 2026-02-14 00:57:03,639 ] 215 root - INFO - Saving model at path: artifacts/02_14_2026_00_55_51/model_trainer/trained_model/model.pkl
[ 2026-02-14 00:57:03,639 ] 41 root - INFO - Entered the save_object method of MainUtils class
[ 2026-02-14 00:57:03,641 ] 47 root - INFO - Exited the save_object method of MainUtils class
[ 2026-02-14 00:57:05,882 ] 224 werkzeug - INFO - 127.0.0.1 - - [14/Feb/2026 00:57:05] "[35m[1mGET /train HTTP/1.1[0m" 500 -
[ 2026-02-14 00:57:19,029 ] 109 root - INFO - Entered initiate_data_ingestion method of Data_Ingestion class
[ 2026-02-14 00:57:19,030 ] 28 root - INFO - Copying local CSV files into raw data folder
[ 2026-02-14 00:57:19,033 ] 42 root - INFO - Local files copied successfully
[ 2026-02-14 00:57:19,034 ] 114 root - INFO - Got the data from mongodb
[ 2026-02-14 00:57:19,034 ] 116 root - INFO - Exited initiate_data_ingestion method of Data_Ingestion class
[ 2026-02-14 00:57:19,034 ] 283 root - INFO - Entered initiate_data_validation method of Data_Validation class
[ 2026-02-14 00:57:19,034 ] 286 root - INFO - Initiated data validation for the dataset
[ 2026-02-14 00:57:19,035 ] 79 root - INFO - Entered initiate_data_transformation method of Data_Transformation class
[ 2026-02-14 00:57:19,060 ] 108 root - INFO - Unwanted spaces removal Successful.Exited the remove_unwanted_spaces method of the Preprocessor class
[ 2026-02-14 00:57:19,093 ] 41 root - INFO - Entered the save_object method of MainUtils class
[ 2026-02-14 00:57:19,093 ] 47 root - INFO - Exited the save_object method of MainUtils class
[ 2026-02-14 00:57:19,093 ] 167 root - INFO - Splitting training and testing input and target feature
[ 2026-02-14 00:57:19,093 ] 169 root - INFO - Extracting model config file path
[ 2026-02-14 00:57:19,094 ] 56 root - INFO - Entered the load_object method of MainUtils class
[ 2026-02-14 00:57:19,094 ] 62 root - INFO - Exited the load_object method of MainUtils class
[ 2026-02-14 00:57:19,094 ] 173 root - INFO - Extracting model config file path
[ 2026-02-14 00:57:44,080 ] 109 root - INFO - Entered initiate_data_ingestion method of Data_Ingestion class
[ 2026-02-14 00:57:44,080 ] 28 root - INFO - Copying local CSV files into raw data folder
[ 2026-02-14 00:57:44,096 ] 42 root - INFO - Local files copied successfully
[ 2026-02-14 00:57:44,097 ] 114 root - INFO - Got the data from mongodb
[ 2026-02-14 00:57:44,097 ] 116 root - INFO - Exited initiate_data_ingestion method of Data_Ingestion class
[ 2026-02-14 00:57:44,097 ] 283 root - INFO - Entered initiate_data_validation method of Data_Validation class
[ 2026-02-14 00:57:44,097 ] 286 root - INFO - Initiated data validation for the dataset
[ 2026-02-14 00:57:44,097 ] 79 root - INFO - Entered initiate_data_transformation method of Data_Transformation class
[ 2026-02-14 00:57:44,155 ] 108 root - INFO - Unwanted spaces removal Successful.Exited the remove_unwanted_spaces method of the Preprocessor class
[ 2026-02-14 00:57:44,186 ] 41 root - INFO - Entered the save_object method of MainUtils class
[ 2026-02-14 00:57:44,186 ] 47 root - INFO - Exited the save_object method of MainUtils class
[ 2026-02-14 00:57:44,187 ] 167 root - INFO - Splitting training and testing input and target feature
[ 2026-02-14 00:57:44,187 ] 169 root - INFO - Extracting model config file path
[ 2026-02-14 00:57:44,187 ] 56 root - INFO - Entered the load_object method of MainUtils class
[ 2026-02-14 00:57:44,187 ] 62 root - INFO - Exited the load_object method of MainUtils class
[ 2026-02-14 00:57:44,187 ] 173 root - INFO - Extracting model config file path
[ 2026-02-14 00:58:23,354 ] 109 root - INFO - Entered initiate_data_ingestion method of Data_Ingestion class
[ 2026-02-14 00:58:23,355 ] 28 root - INFO - Copying local CSV files into raw data folder
[ 2026-02-14 00:58:23,357 ] 42 root - INFO - Local files copied successfully
[ 2026-02-14 00:58:23,357 ] 114 root - INFO - Got the data from mongodb
[ 2026-02-14 00:58:23,357 ] 116 root - INFO - Exited initiate_data_ingestion method of Data_Ingestion class
[ 2026-02-14 00:58:23,357 ] 283 root - INFO - Entered initiate_data_validation method of Data_Validation class
[ 2026-02-14 00:58:23,357 ] 286 root - INFO - Initiated data validation for the dataset
[ 2026-02-14 00:58:23,358 ] 79 root - INFO - Entered initiate_data_transformation method of Data_Transformation class
[ 2026-02-14 00:58:23,382 ] 108 root - INFO - Unwanted spaces removal Successful.Exited the remove_unwanted_spaces method of the Preprocessor class
[ 2026-02-14 00:58:23,427 ] 41 root - INFO - Entered the save_object method of MainUtils class
[ 2026-02-14 00:58:23,428 ] 47 root - INFO - Exited the save_object method of MainUtils class
[ 2026-02-14 00:58:23,428 ] 167 root - INFO - Splitting training and testing input and target feature
[ 2026-02-14 00:58:23,428 ] 169 root - INFO - Extracting model config file path
[ 2026-02-14 00:58:23,428 ] 56 root - INFO - Entered the load_object method of MainUtils class
[ 2026-02-14 00:58:23,428 ] 62 root - INFO - Exited the load_object method of MainUtils class
[ 2026-02-14 00:58:23,428 ] 173 root - INFO - Extracting model config file path
[ 2026-02-14 00:58:43,456 ] 208 root - INFO - Best found model on both training and testing dataset
[ 2026-02-14 00:58:43,456 ] 215 root - INFO - Saving model at path: artifacts/02_14_2026_00_55_51/model_trainer/trained_model/model.pkl
[ 2026-02-14 00:58:43,456 ] 41 root - INFO - Entered the save_object method of MainUtils class
[ 2026-02-14 00:58:43,460 ] 47 root - INFO - Exited the save_object method of MainUtils class
[ 2026-02-14 00:58:45,553 ] 224 werkzeug - INFO - 127.0.0.1 - - [14/Feb/2026 00:58:45] "[35m[1mGET /train HTTP/1.1[0m" 500 -
[ 2026-02-14 00:59:52,635 ] 208 root - INFO - Best found model on both training and testing dataset
[ 2026-02-14 00:59:52,636 ] 215 root - INFO - Saving model at path: artifacts/02_14_2026_00_55_51/model_trainer/trained_model/model.pkl
[ 2026-02-14 00:59:52,636 ] 41 root - INFO - Entered the save_object method of MainUtils class
[ 2026-02-14 00:59:52,638 ] 47 root - INFO - Exited the save_object method of MainUtils class
[ 2026-02-14 00:59:54,250 ] 208 root - INFO - Best found model on both training and testing dataset
[ 2026-02-14 00:59:54,250 ] 215 root - INFO - Saving model at path: artifacts/02_14_2026_00_55_51/model_trainer/trained_model/model.pkl
[ 2026-02-14 00:59:54,250 ] 41 root - INFO - Entered the save_object method of MainUtils class
[ 2026-02-14 00:59:54,251 ] 47 root - INFO - Exited the save_object method of MainUtils class
[ 2026-02-14 00:59:54,271 ] 224 werkzeug - INFO - 127.0.0.1 - - [14/Feb/2026 00:59:54] "[35m[1mGET /train HTTP/1.1[0m" 500 -
[ 2026-02-14 00:59:54,300 ] 224 werkzeug - INFO - 127.0.0.1 - - [14/Feb/2026 00:59:54] "GET /train?__debugger__=yes&cmd=resource&f=style.css HTTP/1.1" 200 -
[ 2026-02-14 00:59:54,300 ] 224 werkzeug - INFO - 127.0.0.1 - - [14/Feb/2026 00:59:54] "GET /train?__debugger__=yes&cmd=resource&f=debugger.js HTTP/1.1" 200 -
[ 2026-02-14 00:59:54,325 ] 224 werkzeug - INFO - 127.0.0.1 - - [14/Feb/2026 00:59:54] "GET /train?__debugger__=yes&cmd=resource&f=console.png HTTP/1.1" 200 -
[ 2026-02-14 00:59:54,334 ] 224 werkzeug - INFO - 127.0.0.1 - - [14/Feb/2026 00:59:54] "[36mGET /train?__debugger__=yes&cmd=resource&f=console.png HTTP/1.1[0m" 304 -
[ 2026-02-14 00:59:54,671 ] 224 werkzeug - INFO - 127.0.0.1 - - [14/Feb/2026 00:59:54] "[35m[1mGET /train HTTP/1.1[0m" 500 -
